
 RUN  v5.0.2 /Users/mac/threejs-whiteboard

(node:61290) ExperimentalWarning: localStorage is not available because --localstorage-file was not provided.
(Use `node --trace-warnings ...` to show where the warning was created)
{"candidate":"writer-owned-y-keyvalue","completedPairs":1000,"durationMs":3835}
{"candidate":"writer-owned-y-keyvalue","completedPairs":2000,"durationMs":12236}
{"candidate":"writer-owned-y-keyvalue","completedPairs":3000,"durationMs":26116}
{"candidate":"writer-owned-y-keyvalue","completedPairs":4000,"durationMs":48272}
{"candidate":"writer-owned-y-keyvalue","completedPairs":5000,"durationMs":80290}
{"candidate":"writer-owned-y-keyvalue","completedPairs":6000,"durationMs":120818}
{"candidate":"writer-owned-y-keyvalue","completedPairs":7000,"durationMs":167380}
{"candidate":"writer-owned-y-keyvalue","completedPairs":8000,"durationMs":222786}
{"candidate":"writer-owned-y-keyvalue","completedPairs":9000,"durationMs":284833}
{"candidate":"writer-owned-y-keyvalue","completedPairs":10000,"durationMs":361862}
{"candidate":"writer-owned-y-keyvalue","seed":334462,"concurrentPairs":10000,"clients":3,"operations":20000,"invalidElements":0,"divergentPairs":0,"validatedElements":818007,"deliveredUpdates":47876,"operationCounts":{"stroke":1281,"image":1197,"position":2861,"gesture":1315,"text":1366,"create":1308,"resize":1302,"binding":1300,"undo":1281,"style":1325,"delete":1346,"move":1327,"rotate":1376,"order":1329,"redo":86},"durationMs":361863}
 ✓ spikes/model-kv/writer-fuzz.test.ts (1 test) 361866ms
   ✓ writer-owned candidate: 10,000 concurrent pairs across three clients preserve semantic validity, history and raw convergence 361865ms

 Test Files  1 passed (1)
      Tests  1 passed (1)
   Start at  15:45:14
   Duration  362.07s (tests 100%)

JSON report written to /Users/mac/threejs-whiteboard/spikes/model-kv/reports/writer-fuzz-vitest.json
