
> @whiteboard/app@ build /Users/mac/threejs-whiteboard/packages/app
> vite build

vite v8.3.1 building client environment for production...
transforming...
✓ 2188 modules transformed.
rendering chunks...
computing gzip size...
dist/index.html                             0.44 kB │ gzip:   0.28 kB
dist/assets/index-B10d6dkt.css             17.77 kB │ gzip:   4.62 kB
dist/assets/purify.es-Bvo9QlJ8.js          28.08 kB │ gzip:  11.08 kB
dist/assets/svg2pdf.es.min-nxW8TgGB.js     86.23 kB │ gzip:  25.00 kB
dist/assets/index.es-BUiWgSRa.js          151.41 kB │ gzip:  48.90 kB
dist/assets/html2canvas-Bl_4NNwD.js       199.48 kB │ gzip:  46.77 kB
dist/assets/jspdf.es.min-B2yrXXeK.js      399.37 kB │ gzip: 129.74 kB
dist/assets/index-Bzk-Vq0O.js           1,877.85 kB │ gzip: 517.66 kB

[plugin builtin:vite-reporter]
(!) Some chunks are larger than 500 kB after minification. Consider:
- Using dynamic import() to code-split the application
- Use build.rolldownOptions.output.codeSplitting to improve chunking: https://rolldown.rs/reference/OutputOptions.codeSplitting
- Adjust chunk size limit for this warning via build.chunkSizeWarningLimit.
✓ built in 449ms
