[WebServer] (node:95044) Warning: The 'NO_COLOR' env is ignored due to the 'FORCE_COLOR' env being set.
[WebServer] (Use `node --trace-warnings ...` to show where the warning was created)
[WebServer] (node:95060) Warning: The 'NO_COLOR' env is ignored due to the 'FORCE_COLOR' env being set.
[WebServer] (Use `node --trace-warnings ...` to show where the warning was created)
[WebServer] [plugin builtin:vite-reporter]
[WebServer] (!) Some chunks are larger than 500 kB after minification. Consider:
[WebServer] - Using dynamic import() to code-split the application
[WebServer] - Use build.rolldownOptions.output.codeSplitting to improve chunking: https://rolldown.rs/reference/OutputOptions.codeSplitting
[WebServer] - Adjust chunk size limit for this warning via build.chunkSizeWarningLimit.
[WebServer] (node:95066) Warning: The 'NO_COLOR' env is ignored due to the 'FORCE_COLOR' env being set.
[WebServer] (Use `node --trace-warnings ...` to show where the warning was created)
[WebServer] (node:95084) Warning: The 'NO_COLOR' env is ignored due to the 'FORCE_COLOR' env being set.
[WebServer] (Use `node --trace-warnings ...` to show where the warning was created)

Running 8 tests using 1 worker

(node:95096) Warning: The 'NO_COLOR' env is ignored due to the 'FORCE_COLOR' env being set.
(Use `node --trace-warnings ...` to show where the warning was created)
  ✓  1 tests/browser/text-spike.spec.ts:33:1 › native caret, selection, typing and blur form one undo step (1.0s)
  ✓  2 tests/browser/text-spike.spec.ts:52:1 › composition survives blur, commits once, and can be undone (929ms)
  ✓  3 tests/browser/text-spike.spec.ts:66:1 › Chromium IME candidate input commits through the native editing pipeline (1.9s)
  ✓  4 tests/browser/text-spike.spec.ts:124:1 › synced troika text exposes caret positions and selection rectangles (577ms)
  ✓  5 tests/browser/text-spike.spec.ts:134:1 › escape discards the editor draft without a document mutation (611ms)
  ✓  6 tests/browser/text-spike.spec.ts:143:1 › native cut and paste preserve text, and commit once (683ms)
  ✓  7 tests/browser/text-spike.spec.ts:156:1 › mixed board exports at 2× with SVG visual parity per region (822ms)
  ✓  8 tests/browser/text-spike.spec.ts:199:1 › visual comparison rejects missing and displaced text despite edge tolerance (1.1s)

  8 passed (10.7s)
